  Γû▓ Next.js 14.2.33
  - Environments: .env

   Creating an optimized production build ...
 Γ£ô Compiled successfully
   Linting and checking validity of types ...
npx : Failed to compile.
At line:1 char:1
+ npx next build > 
build_output.txt 2>&1; 
Get-Content 
build_output.txt  ...
+ ~~~~~~~~~~~~~~~~~~~~~~~~~
~~~~~~~~~~~~~
    + CategoryInfo         
     : NotSpecified: (Fai  
  led to compile.:String   
 ) [], RemoteException
    + FullyQualifiedErrorI 
   d : NativeCommandError
 

./src/lib/auth.ts:9:24
Type error: Property 
'auth' does not exist on 
type 'Promise<SupabaseClien
t<any, "public", "public", 
any, any>>'.

[0m [90m  7 |[39m     
[36mconst[39m {[0m
[0m [90m  8 |[39m       
data[33m:[39m { user 
}[33m,[39m[0m
[0m[31m[1m>[22m[39m[9
0m  9 |[39m     } 
[33m=[39m 
[36mawait[39m supabase[3
3m.[39mauth[33m.[39mgetU
ser()[0m
[0m [90m    |[39m       
                 
[31m[1m^[22m[39m[0m
[0m [90m 10 |[39m     
[36mreturn[39m user[0m
[0m [90m 11 |[39m   } 
[36mcatch[39m (error) 
{[0m
[0m [90m 12 |[39m     co
nsole[33m.[39merror([32m
'Error:'[39m[33m,[39m 
error)[0m
Next.js build worker 
exited with code: 1 and 
signal: null
